// Vitest Snapshot v1, https://vitest.dev/guide/snapshot.html

exports[`Button test > default snapshot 1`] = `"<div id="test-wrapper"><button type="button" class="button">slot default</button></div>"`;
